// Jest Snapshot v1, https://goo.gl/fbAQLP

exports[`Button tests should match snapshot 1`] = `
<div>
  <button
    class="button flex-container items-center"
  >
    <span>
      Button text
    </span>
  </button>
</div>
`;
